// Jest Snapshot v1, https://goo.gl/fbAQLP

exports[`SectionList renders empty list 1`] = `
<RCTScrollView
  ItemSeparatorComponent={undefined}
  data={Array []}
  disableVirtualization={false}
  getItem={[Function]}
  getItemCount={[Function]}
  horizontal={false}
  initialNumToRender={10}
  keyExtractor={[Function]}
  maxToRenderPerBatch={10}
  onContentSizeChange={[Function]}
  onEndReachedThreshold={2}
  onLayout={[Function]}
  onMomentumScrollEnd={[Function]}
  onScroll={[Function]}
  onScrollBeginDrag={[Function]}
  onScrollEndDrag={[Function]}
  onViewableItemsChanged={undefined}
  renderItem={[Function]}
  scrollEventThrottle={50}
  sections={Array []}
  stickyHeaderIndices={Array []}
  stickySectionHeadersEnabled={true}
  updateCellsBatchingPeriod={50}
  windowSize={21}
>
  <View />
</RCTScrollView>
`;
